package com.example;

import java.util.List;
import java.util.ArrayList;

/**
 * This is a test class
 */
public class TestClass {
    // This method has an error
    public void errorMethod() {
        List<String> list = null;
        list.add("Hello"); // NullPointerException
    }

}