package de.test;


public class TestClass {
    public void method2() {
        String s = null;
        s.length(); // NullPointerException
    }

}